2026-08-25 10:06:42,591 INFO 读取数据：/Users/yukewei/Public/xhs/券敏感人群第一阶段/data/raw/训练集数据.csv
2026-08-25 10:06:58,289 INFO 读取数据：/Users/yukewei/Public/xhs/券敏感人群第一阶段/data/raw/验证集数据.csv
2026-08-25 10:07:02,130 INFO 数据校验通过；直播特征=143，全量特征=147
2026-08-25 10:07:05,567 INFO 训练 E3：双轨 RFM 原值轻量模型
2026-08-25 10:07:06,210 INFO 拟合特征处理器：数值=7，类别=2
2026-08-25 10:07:07,220 INFO 启用 is_unbalance 处理类别不平衡
2026-08-25 10:07:07,221 INFO 训练候选模型 1/3
2026-08-25 10:07:11,951 INFO 候选 0: AP=0.4379, best_iteration=4
2026-08-25 10:07:11,951 INFO 训练候选模型 2/3
2026-08-25 10:07:19,136 INFO 候选 1: AP=0.4431, best_iteration=7
2026-08-25 10:07:19,136 INFO 训练候选模型 3/3
2026-08-25 10:07:31,634 INFO 候选 2: AP=0.4506, best_iteration=24
2026-08-25 10:07:31,788 INFO Top 5 特征: ['l180d_live_dgmv', 'l180d_live_order_cnt', 'l360d_dgmv', 'last_goods_live_buy_to_today_days', 'l360d_buy_days']
2026-08-25 10:07:31,789 INFO 训练 E4：143 个直播特征
2026-08-25 10:07:31,789 INFO 拟合特征处理器：数值=119，类别=24
2026-08-25 10:07:45,842 INFO 启用 is_unbalance 处理类别不平衡
2026-08-25 10:07:45,843 INFO 训练候选模型 1/3
2026-08-25 10:07:55,457 INFO 候选 0: AP=0.4610, best_iteration=4
2026-08-25 10:07:55,458 INFO 训练候选模型 2/3
2026-08-25 10:08:09,259 INFO 候选 1: AP=0.4784, best_iteration=8
2026-08-25 10:08:09,260 INFO 训练候选模型 3/3
2026-08-25 10:08:34,878 INFO 候选 2: AP=0.4856, best_iteration=26
2026-08-25 10:08:35,066 INFO Top 5 特征: ['l360d_live_dgmv', 'l180d_live_dgmv', 'live_view_duration_30d', 'live_view_duration_14d', 'l7d_live_buy_days']
2026-08-25 10:08:35,093 INFO 训练 E5：143 个直播特征 + 4 个全平台 RFM 原始字段
2026-08-25 10:08:35,094 INFO 拟合特征处理器：数值=123，类别=24
2026-08-25 10:08:51,050 INFO 启用 is_unbalance 处理类别不平衡
2026-08-25 10:08:51,050 INFO 训练候选模型 1/3
2026-08-25 10:09:01,329 INFO 候选 0: AP=0.4679, best_iteration=4
2026-08-25 10:09:01,329 INFO 训练候选模型 2/3
2026-08-25 10:09:17,344 INFO 候选 1: AP=0.4762, best_iteration=8
2026-08-25 10:09:17,346 INFO 训练候选模型 3/3
2026-08-25 10:09:44,383 INFO 候选 2: AP=0.4863, best_iteration=26
2026-08-25 10:09:44,577 INFO Top 5 特征: ['l360d_live_dgmv', 'l180d_live_dgmv', 'l7d_live_buy_days', 'live_view_duration_30d', 'live_view_duration_14d']
2026-08-25 10:09:44,613 INFO 训练流程完成，结果目录：/Users/yukewei/Public/xhs/券敏感人群第一阶段/outputs/20260825_100642
