2026-08-25 10:10:25,955 INFO 读取数据：/Users/yukewei/Public/xhs/券敏感人群第一阶段/data/raw/训练集数据.csv
2026-08-25 10:10:42,156 INFO 读取数据：/Users/yukewei/Public/xhs/券敏感人群第一阶段/data/raw/验证集数据.csv
2026-08-25 10:10:45,732 INFO 数据校验通过；直播特征=143，全量特征=147
2026-08-25 10:10:49,147 INFO 训练 E3：双轨 RFM 原值轻量模型
2026-08-25 10:10:49,326 INFO 拟合特征处理器：数值=7，类别=2
2026-08-25 10:10:50,077 INFO 训练候选模型 1/4
2026-08-25 10:10:55,259 INFO 候选 0: AP=0.4602, best_iteration=187
2026-08-25 10:10:55,259 INFO 训练候选模型 2/4
2026-08-25 10:11:05,741 INFO 候选 1: AP=0.4601, best_iteration=249
2026-08-25 10:11:05,742 INFO 训练候选模型 3/4
[LightGBM] [Fatal] Reducing `min_data_in_leaf` with `feature_pre_filter=true` may cause unexpected behaviour for features that were pre-filtered by the larger `min_data_in_leaf`.
You need to set `feature_pre_filter=false` to dynamically change the `min_data_in_leaf`.
[LightGBM] [Fatal] Reducing `min_data_in_leaf` with `feature_pre_filter=true` may cause unexpected behaviour for features that were pre-filtered by the larger `min_data_in_leaf`.
You need to set `feature_pre_filter=false` to dynamically change the `min_data_in_leaf`.
2026-08-25 10:11:11,855 INFO 候选 2: AP=0.4611, best_iteration=119
2026-08-25 10:11:11,855 INFO 训练候选模型 4/4
2026-08-25 10:11:23,556 INFO 候选 3: AP=0.4608, best_iteration=169
2026-08-25 10:11:23,791 INFO Top 5 特征: ['l180d_live_dgmv', 'l180d_live_order_cnt', 'last_goods_live_buy_to_today_days', 'l360d_dgmv', 'live_buy_active_flag']
2026-08-25 10:11:23,792 INFO 训练 E4：143 个直播特征
2026-08-25 10:11:23,793 INFO 拟合特征处理器：数值=119，类别=24
2026-08-25 10:11:35,977 INFO 训练候选模型 1/4
2026-08-25 10:11:49,553 INFO 候选 0: AP=0.5038, best_iteration=262
2026-08-25 10:11:49,553 INFO 训练候选模型 2/4
2026-08-25 10:12:17,233 INFO 候选 1: AP=0.5047, best_iteration=437
2026-08-25 10:12:17,234 INFO 训练候选模型 3/4
[LightGBM] [Fatal] Reducing `min_data_in_leaf` with `feature_pre_filter=true` may cause unexpected behaviour for features that were pre-filtered by the larger `min_data_in_leaf`.
You need to set `feature_pre_filter=false` to dynamically change the `min_data_in_leaf`.
[LightGBM] [Fatal] Reducing `min_data_in_leaf` with `feature_pre_filter=true` may cause unexpected behaviour for features that were pre-filtered by the larger `min_data_in_leaf`.
You need to set `feature_pre_filter=false` to dynamically change the `min_data_in_leaf`.
2026-08-25 10:12:29,010 INFO 候选 2: AP=0.5022, best_iteration=109
2026-08-25 10:12:29,011 INFO 训练候选模型 4/4
2026-08-25 10:12:56,862 INFO 候选 3: AP=0.5051, best_iteration=296
2026-08-25 10:12:57,602 INFO Top 5 特征: ['l360d_live_dgmv', 'l180d_live_dgmv', 'live_view_duration_30d', 'l7d_live_buy_days', 'live_view_duration_14d']
2026-08-25 10:12:57,631 INFO 训练 E5：143 个直播特征 + 4 个全平台 RFM 原始字段
2026-08-25 10:12:57,631 INFO 拟合特征处理器：数值=123，类别=24
2026-08-25 10:13:11,745 INFO 训练候选模型 1/4
2026-08-25 10:13:33,052 INFO 候选 0: AP=0.5055, best_iteration=499
2026-08-25 10:13:33,053 INFO 训练候选模型 2/4
2026-08-25 10:14:01,208 INFO 候选 1: AP=0.5052, best_iteration=426
2026-08-25 10:14:01,208 INFO 训练候选模型 3/4
[LightGBM] [Fatal] Reducing `min_data_in_leaf` with `feature_pre_filter=true` may cause unexpected behaviour for features that were pre-filtered by the larger `min_data_in_leaf`.
You need to set `feature_pre_filter=false` to dynamically change the `min_data_in_leaf`.
[LightGBM] [Fatal] Reducing `min_data_in_leaf` with `feature_pre_filter=true` may cause unexpected behaviour for features that were pre-filtered by the larger `min_data_in_leaf`.
You need to set `feature_pre_filter=false` to dynamically change the `min_data_in_leaf`.
2026-08-25 10:14:18,915 INFO 候选 2: AP=0.5035, best_iteration=263
2026-08-25 10:14:18,916 INFO 训练候选模型 4/4
2026-08-25 10:14:45,988 INFO 候选 3: AP=0.5065, best_iteration=258
2026-08-25 10:14:46,655 INFO Top 5 特征: ['l360d_live_dgmv', 'l180d_live_dgmv', 'l90d_live_dgmv', 'l7d_live_buy_days', 'live_view_duration_30d']
2026-08-25 10:14:46,687 INFO 训练流程完成，结果目录：/Users/yukewei/Public/xhs/券敏感人群第一阶段/outputs/20260825_101025
